mihir@envy:~/Documents/code/passwords/src$ ./passmang encrypt 
Masterpass: Command: encrypt
mihir@envy:~/Documents/code/passwords/src$ ./passmang get beta
Masterpass: Entered
mihir@envy:~/Documents/code/passwords/src$ DVYfhb
DVYfhb: command not found
mihir@envy:~/Documents/code/passwords/src$ ./passmang mod beta asdfasdfasdf
Masterpass: mihir@envy:~/Documents/code/passwords/src$ ./passmang get beta
Masterpass: Entered
mihir@envy:~/Documents/code/passwords/src$ asdfasdfasdf
asdfasdfasdf: command not found
mihir@envy:~/Documents/code/passwords/src$ ./passmang del beta
Masterpass: mihir@envy:~/Documents/code/passwords/src$ ./passmang get beta
Masterpass: Entered
printf: usage: printf [-v var] format [arguments]
mihir@envy:~/Documents/code/passwords/src$ ./passmang mod beta asdfasdfasdf
Masterpass: mihir@envy:~/Documents/code/passwords/src$ ./passmang get beta
Masterpass: Entered
StreamTransformationFilter: invalid PKCS #7 block padding found
printf: usage: printf [-v var] format [arguments]
mihir@envy:~/Documents/code/passwords/src$ ./passmang decrypt
Masterpass: StreamTransformationFilter: invalid PKCS #7 block padding found